D:/STM32_Projects/NUCLEO-F303_INA236/Core/Src/main.c:81:5:main	24	static
D:/STM32_Projects/NUCLEO-F303_INA236/Core/Src/main.c:153:6:SystemClock_Config	160	static
D:/STM32_Projects/NUCLEO-F303_INA236/Core/Src/main.c:201:13:MX_I2C1_Init	8	static
D:/STM32_Projects/NUCLEO-F303_INA236/Core/Src/main.c:249:13:MX_USART2_UART_Init	8	static
D:/STM32_Projects/NUCLEO-F303_INA236/Core/Src/main.c:284:13:MX_GPIO_Init	48	static
D:/STM32_Projects/NUCLEO-F303_INA236/Core/Src/main.c:326:6:Error_Handler	4	static,ignoring_inline_asm
